// Jest Snapshot v1, https://goo.gl/fbAQLP

exports[`renders <Tabs /> 1`] = `
<div>
  <div>
    <ul
      class="Tabs"
    >
      <li
        class="Tabs-Item Tabs-Item--current"
        data-testid="t-tab1"
      >
        <a
          href="/?tab=tab1"
        >
          Tab 1
        </a>
      </li>
      <li
        class="Tabs-Item"
        data-testid="t-tab2"
      >
        <a
          href="/?tab=tab2"
        >
          Tab 2
        </a>
      </li>
      <li
        class="Tabs-Item"
        data-testid="t-tab3"
      >
        <a
          href="/?tab=tab3"
        >
          Tab 3
        </a>
      </li>
    </ul>
    <div
      class="Tab-Content"
      data-testid="t-tabContent"
    >
      <span>
        ABC
      </span>
    </div>
  </div>
</div>
`;
